<html>
<body>
<pre>
<h1>µVision Build Log</h1>
<h2>Tool Versions:</h2>
IDE-Version: ¦ÌVision V5.36.0.0
Copyright (C) 2021 ARM Ltd and ARM Germany GmbH. All rights reserved.
License Information: OuYangYunPeng,  , LIC=03C6R-KB20D-124LE-59X2G-GY9S1-GWVPY
 
Tool Versions:
Toolchain:       MDK-ARM Plus  Version: 5.36.0.0
Toolchain Path:  D:\Keil_v5\ARM\ARMCLANG\Bin
C Compiler:      ArmClang.exe V6.16
Assembler:       Armasm.exe V6.16
Linker/Locator:  ArmLink.exe V6.16
Library Manager: ArmAr.exe V6.16
Hex Converter:   FromElf.exe V6.16
CPU DLL:         SARMCM3.DLL V5.36.0.0
Dialog DLL:      DCM.DLL V1.17.3.0
Target DLL:      UL2CM3.DLL V1.164.0.0
Dialog DLL:      TCM.DLL V1.53.0.0
 
<h2>Project:</h2>
F:\MyProject\AT32\LED\LED.uvprojx
Project File Date:  04/12/2023

<h2>Output:</h2>
*** Using Compiler 'V6.16', folder: 'D:\Keil_v5\ARM\ARMCLANG\Bin'
Rebuild target 'Target 1'
compiling user.c...
compiling at32f435_437_clock.c...
compiling main.c...
compiling at32f435_437_acc.c...
compiling SEGGER_RTT_printf.c...
compiling gpio.c...
compiling at32f435_437_adc.c...
compiling touch.c...
compiling sys.c...
compiling SEGGER_RTT.c...
compiling at32f435_437_crc.c...
compiling at32f435_437_debug.c...
compiling at32f435_437_dac.c...
compiling at32f435_437_dma.c...
compiling i2c.c...
compiling at32f435_437_dvp.c...
compiling at32f435_437_can.c...
compiling at32f435_437_emac.c...
compiling at32f435_437_edma.c...
compiling at32f435_437_crm.c...
compiling at32f435_437_exint.c...
compiling at32f435_437_gpio.c...
compiling at32f435_437_misc.c...
compiling at32f435_437_scfg.c...
compiling at32f435_437_pwc.c...
compiling at32f435_437_i2c.c...
compiling at32f435_437_qspi.c...
compiling at32f435_437_ertc.c...
compiling at32f435_437_sdio.c...
compiling at32f435_437_spi.c...
compiling at32f435_437_flash.c...
assembling startup_at32f435_437.s...
compiling at32f435_437_wwdt.c...
compiling at32f435_437_tmr.c...
compiling at32f435_437_wdt.c...
compiling at32f435_437_usart.c...
compiling system_at32f435_437.c...
compiling at32f435_437_usb.c...
compiling at32f435_437_xmc.c...
linking...
Program Size: Code=6910 RO-data=598 RW-data=4 ZI-data=2852  
FromELF: creating hex file...
".\Objects\LED.axf" - 0 Error(s), 0 Warning(s).

<h2>Software Packages used:</h2>

Package Vendor: ARM
                http://www.keil.com/pack/ARM.CMSIS.5.8.0.pack
                ARM.CMSIS.5.8.0
                CMSIS (Common Microcontroller Software Interface Standard)
   * Component: CORE Version: 5.5.0

Package Vendor: ArteryTek
                
                ArteryTek.AT32F435_437_DFP.2.1.3
                ArteryTek AT32F4 Series Device Support,Drivers
   * Component: Startup Version: 2.0.0

<h2>Collection of Component include folders:</h2>
  .\RTE\_Target_1
  D:\Users\OuYangYunPeng\AppData\Local\Arm\Packs\ARM\CMSIS\5.8.0\CMSIS\Core\Include
  D:\Users\OuYangYunPeng\AppData\Local\Arm\Packs\ArteryTek\AT32F435_437_DFP\2.1.3\Device\Include

<h2>Collection of Component Files used:</h2>

   * Component: ARM::CMSIS:CORE:5.5.0

   * Component: ArteryTek::Device:Startup:2.0.0
      Source file:   Device\Source\system_at32f435_437.c
      Include file:  Device\Include\at32f435_437.h
      Source file:   Device\Source\ARM\startup_at32f435_437.s
Build Time Elapsed:  00:00:02
</pre>
</body>
</html>
